[     0s] loading ohlcv ...
[    11s] ohlcv (7480, 874) 20230323 20260915
[    17s] shortvol (7480, 847) 20230501 20260915 svr 중앙값 0.473
[    17s] anchors IC: 155 20230719 → 20260813 | pair: 120 20240328

== 커버리지 (가드 유니버스 내 svr5 유효 비율, 앵커 평균)
  97.3%

== 프레임1: 전 유니버스 day-IC h20 (스피어만) — 사전 부호 −
  svr5   IC=+0.0030 95%[-0.0129,+0.0189]  Bonf6[-0.0181,+0.0257]   n=152 부호일치(−)=53%
  svr20  IC=+0.0043 95%[-0.0126,+0.0210]  Bonf6[-0.0180,+0.0268]   n=152 부호일치(−)=51%
  dsvr   IC=-0.0002 95%[-0.0044,+0.0040]  Bonf6[-0.0056,+0.0055]   n=152 부호일치(−)=52%

== 프레임1b: svr5 십분위 초과수익 (%p/20d, 기록용)
  D1  mean=-0.06%p 적중(>0)=48% n=151
  D2  mean=+0.08%p 적중(>0)=52% n=151
  D3  mean=+0.01%p 적중(>0)=56% n=151
  D4  mean=+0.04%p 적중(>0)=53% n=151
  D5  mean=+0.01%p 적중(>0)=53% n=151
  D6  mean=-0.32%p 적중(>0)=38% n=151
  D7  mean=+0.20%p 적중(>0)=42% n=151
  D8  mean=+0.27%p 적중(>0)=54% n=151
  D9  mean=+0.44%p 적중(>0)=61% n=151
  D10 mean=+0.29%p 적중(>0)=54% n=151

== 프레임2: us_mus_v0 top50 변형 짝비교 (Δ = 변형 − base, %p/20d)
  +저svr5 4번째 항(순위)                             Δ=-0.063%p 95%[-0.694,+0.532]  Bonf6[-0.921,+0.733]   n=114 overlap=52%
  +저Δsvr 4번째 항(순위)                             Δ=-0.233%p 95%[-0.952,+0.466]  Bonf6[-1.193,+0.679]   n=114 overlap=45%
  svr5 상위 10% 제외                               Δ=+0.026%p 95%[-0.083,+0.135]  Bonf6[-0.116,+0.174]   n=114 overlap=96%

== 맥락: base top50 − 유니버스 EW (%p/20d, 같은 앵커)
  base top50 초과 +0.81%p 95%[-1.05,+2.55]  Bonf6[-1.70,+3.18]   n=120 적중=59%

== 참고: base top50 의 svr5 vs 유니버스 (앵커 평균)
  top50 svr5 평균 0.474 · 유니버스 0.500
[    25s] done.
EXIT 0
